// Vitest Snapshot v1

exports[`Controls test > snapshot 1`] = `
<div>
  <div
    class="flex flex-col justify-center items-center gap-2 p-2"
  >
    <div
      class="flex flex-row justify-center items-center gap-2 p-2"
    >
      <input
        class="outline-none p-4 text-lg border-2 bg-gray-900 text-gray-50 border-green-400 w-80"
        id="source"
        placeholder="Game url"
        value=""
      />
      <button
        class=" text-lg border-2 rounded-md border-green-400 w-32 p-4 bg-green-400 text-white opacity-50"
        disabled=""
        type="button"
      >
        Add
      </button>
      <button
        class=" text-lg border-2 rounded-md border-green-400 w-32 p-4 bg-green-400 text-white opacity-50"
        disabled=""
        type="button"
      >
        Spectate
      </button>
      <button
        class=" text-lg border-2 rounded-md border-green-400 w-32 p-4 bg-green-400 text-white opacity-50"
        disabled=""
        type="button"
      >
        Remove
      </button>
    </div>
    <div
      class="flex gap-4 w-8/12"
    >
      <div
        class="bg-blue-200 shadow-xl text-black border-4 border-pink-500 rounded-lg w-6/12"
      >
        <div
          class="pl-2 bg-pink-400 text-white text-[1.5rem]"
        >
          Extra Css styles
        </div>
        <div
          class="p-2"
        >
          <p
            class="mb-2 p-2 bg-blue-400"
          >
            When the inspector opens, you can inject extra css files. They will applied to the inspected game.
          </p>
          <div
            class="mt-4"
          >
            <button
              class=" text-lg border-2 rounded-md border-green-400 w-auto p-4 bg-green-400 text-white hover:bg-blue-800"
              type="button"
            >
              Add new
            </button>
          </div>
        </div>
      </div>
      <div
        class="bg-blue-200 shadow-xl text-black border-4 border-pink-500 rounded-lg w-6/12"
      >
        <div
          class="pl-2 bg-pink-400 text-white text-[1.5rem]"
        >
          Extra JavaScript codes
        </div>
        <div
          class="p-2"
        >
          <p
            class="mb-2 p-2 bg-blue-400"
          >
            When the inspector opens, you can inject extra javascript files. The scripts will start runnig shortly after the inspector loads the game.
          </p>
          <div
            class="mt-4"
          >
            <button
              class=" text-lg border-2 rounded-md border-green-400 w-auto p-4 bg-green-400 text-white hover:bg-blue-800"
              type="button"
            >
              Add new
            </button>
          </div>
        </div>
      </div>
    </div>
    <button
      class="w-60 text-lg border-2 rounded-md border-green-400 w-32 p-4 bg-green-400 text-white hover:bg-blue-800"
      type="button"
    >
      Open spectator
    </button>
  </div>
</div>
`;
